
  .   ____          _            __ _ _
 /\\ / ___'_ __ _ _(_)_ __  __ _ \ \ \ \
( ( )\___ | '_ | '_| | '_ \/ _` | \ \ \ \
 \\/  ___)| |_)| | | | | || (_| |  ) ) ) )
  '  |____| .__|_| |_|_| |_\__, | / / / /
 =========|_|==============|___/=/_/_/_/
 :: Spring Boot ::                (v3.2.4)

2026-04-03T21:59:13.695+08:00  INFO 144332 --- [ai-server] [           main] com.jlm.ai.AiApplication                 : Starting AiApplication v25.0 using Java 21.0.10 with PID 144332 (D:\JLM\test1\ai-server\target\ai-server-25.0.jar started by HP in D:\JLM\test1\ai-server)
2026-04-03T21:59:13.697+08:00  INFO 144332 --- [ai-server] [           main] com.jlm.ai.AiApplication                 : No active profile set, falling back to 1 default profile: "default"
2026-04-03T21:59:13.753+08:00  WARN 144332 --- [ai-server] [           main] c.a.c.n.c.NacosConfigDataLoader          : [Nacos Config] config[dataId=ai-server.yaml, group=DEFAULT_GROUP] is empty
2026-04-03T21:59:13.753+08:00  WARN 144332 --- [ai-server] [           main] c.a.c.n.c.NacosConfigDataLoader          : [Nacos Config] config[dataId=ai-server.yml, group=DEFAULT_GROUP] is empty
2026-04-03T21:59:14.631+08:00  INFO 144332 --- [ai-server] [           main] .s.d.r.c.RepositoryConfigurationDelegate : Multiple Spring Data modules found, entering strict repository configuration mode
2026-04-03T21:59:14.637+08:00  INFO 144332 --- [ai-server] [           main] .s.d.r.c.RepositoryConfigurationDelegate : Bootstrapping Spring Data Redis repositories in DEFAULT mode.
2026-04-03T21:59:14.682+08:00  INFO 144332 --- [ai-server] [           main] .s.d.r.c.RepositoryConfigurationDelegate : Finished Spring Data repository scanning in 17 ms. Found 0 Redis repository interfaces.
2026-04-03T21:59:14.929+08:00  INFO 144332 --- [ai-server] [           main] o.s.cloud.context.scope.GenericScope     : BeanFactory id=7909ce0c-33a7-3402-b588-676fee606cf6
2026-04-03T21:59:15.340+08:00  INFO 144332 --- [ai-server] [           main] o.s.b.w.embedded.tomcat.TomcatWebServer  : Tomcat initialized with port 9005 (http)
2026-04-03T21:59:15.357+08:00  INFO 144332 --- [ai-server] [           main] o.apache.catalina.core.StandardService   : Starting service [Tomcat]
2026-04-03T21:59:15.357+08:00  INFO 144332 --- [ai-server] [           main] o.apache.catalina.core.StandardEngine    : Starting Servlet engine: [Apache Tomcat/10.1.19]
2026-04-03T21:59:15.400+08:00  INFO 144332 --- [ai-server] [           main] o.a.c.c.C.[Tomcat].[localhost].[/]       : Initializing Spring embedded WebApplicationContext
2026-04-03T21:59:15.402+08:00  INFO 144332 --- [ai-server] [           main] w.s.c.ServletWebServerApplicationContext : Root WebApplicationContext: initialization completed in 1645 ms
2026-04-03T21:59:17.291+08:00  INFO 144332 --- [ai-server] [           main] o.s.b.w.embedded.tomcat.TomcatWebServer  : Tomcat started on port 9005 (http) with context path ''
2026-04-03T21:59:17.303+08:00  INFO 144332 --- [ai-server] [           main] com.alibaba.nacos.client.naming          : initializer namespace from ans.namespace attribute : null
2026-04-03T21:59:17.304+08:00  INFO 144332 --- [ai-server] [           main] com.alibaba.nacos.client.naming          : initializer namespace from ALIBABA_ALIWARE_NAMESPACE attribute :null
2026-04-03T21:59:17.305+08:00  INFO 144332 --- [ai-server] [           main] com.alibaba.nacos.client.naming          : initializer namespace from namespace attribute :null
2026-04-03T21:59:17.312+08:00  INFO 144332 --- [ai-server] [           main] com.alibaba.nacos.client.naming          : FailoverDataSource type is class com.alibaba.nacos.client.naming.backups.datasource.DiskFailoverDataSource
2026-04-03T21:59:17.315+08:00  INFO 144332 --- [ai-server] [           main] c.a.n.p.a.s.c.ClientAuthPluginManager    : [ClientAuthPluginManager] Load ClientAuthService com.alibaba.nacos.client.auth.impl.NacosClientAuthServiceImpl success.
2026-04-03T21:59:17.316+08:00  INFO 144332 --- [ai-server] [           main] c.a.n.p.a.s.c.ClientAuthPluginManager    : [ClientAuthPluginManager] Load ClientAuthService com.alibaba.nacos.client.auth.ram.RamClientAuthServiceImpl success.
2026-04-03T21:59:17.322+08:00  INFO 144332 --- [ai-server] [           main] com.alibaba.nacos.common.remote.client   : [RpcClientFactory] create a new rpc client of 3921e74e-e527-4cec-ac4e-d9130d5802a8
2026-04-03T21:59:17.325+08:00  INFO 144332 --- [ai-server] [           main] com.alibaba.nacos.client.naming          : Create naming rpc client for uuid->3921e74e-e527-4cec-ac4e-d9130d5802a8
2026-04-03T21:59:17.325+08:00  INFO 144332 --- [ai-server] [           main] com.alibaba.nacos.common.remote.client   : [3921e74e-e527-4cec-ac4e-d9130d5802a8] RpcClient init, ServerListFactory = com.alibaba.nacos.client.naming.core.ServerListManager
2026-04-03T21:59:17.325+08:00  INFO 144332 --- [ai-server] [           main] com.alibaba.nacos.common.remote.client   : [3921e74e-e527-4cec-ac4e-d9130d5802a8] Registry connection listener to current client:com.alibaba.nacos.client.naming.remote.gprc.redo.NamingGrpcRedoService
2026-04-03T21:59:17.326+08:00  INFO 144332 --- [ai-server] [           main] com.alibaba.nacos.common.remote.client   : [3921e74e-e527-4cec-ac4e-d9130d5802a8] Register server push request handler:com.alibaba.nacos.client.naming.remote.gprc.NamingPushRequestHandler
2026-04-03T21:59:17.326+08:00  INFO 144332 --- [ai-server] [           main] com.alibaba.nacos.common.remote.client   : [3921e74e-e527-4cec-ac4e-d9130d5802a8] Try to connect to server on start up, server: {serverIp = '192.168.1.38', server main port = 8848}
2026-04-03T21:59:17.326+08:00  INFO 144332 --- [ai-server] [           main] c.a.n.c.remote.client.grpc.GrpcClient    : grpc client connection server:192.168.1.38 ip,serverPort:9848,grpcTslConfig:{"sslProvider":"","enableTls":false,"mutualAuthEnable":false,"trustAll":false}
2026-04-03T21:59:17.482+08:00  INFO 144332 --- [ai-server] [           main] com.alibaba.nacos.common.remote.client   : [3921e74e-e527-4cec-ac4e-d9130d5802a8] Success to connect to server [192.168.1.38:8848] on start up, connectionId = 1775224757769_192.168.1.11_60262
2026-04-03T21:59:17.482+08:00  INFO 144332 --- [ai-server] [           main] com.alibaba.nacos.common.remote.client   : [3921e74e-e527-4cec-ac4e-d9130d5802a8] Register server push request handler:com.alibaba.nacos.common.remote.client.RpcClient$ConnectResetRequestHandler
2026-04-03T21:59:17.482+08:00  INFO 144332 --- [ai-server] [           main] com.alibaba.nacos.common.remote.client   : [3921e74e-e527-4cec-ac4e-d9130d5802a8] Register server push request handler:com.alibaba.nacos.common.remote.client.RpcClient$$Lambda/0x000001f901365f30
2026-04-03T21:59:17.482+08:00  INFO 144332 --- [ai-server] [remote.worker.0] com.alibaba.nacos.common.remote.client   : [3921e74e-e527-4cec-ac4e-d9130d5802a8] Notify connected event to listeners.
2026-04-03T21:59:17.482+08:00  INFO 144332 --- [ai-server] [remote.worker.0] com.alibaba.nacos.client.naming          : Grpc connection connect
2026-04-03T21:59:17.483+08:00  INFO 144332 --- [ai-server] [           main] com.alibaba.nacos.client.naming          : [REGISTER-SERVICE] dev registering service ai-server with instance Instance{instanceId='null', ip='192.168.1.11', port=9005, weight=1.0, healthy=true, enabled=true, ephemeral=true, clusterName='DEFAULT', serviceName='null', metadata={IPv6=[240e:326:321:e486:c10d:4325:b8af:d029], preserved.register.source=SPRING_CLOUD}}
2026-04-03T21:59:17.494+08:00  INFO 144332 --- [ai-server] [           main] c.a.c.n.registry.NacosServiceRegistry    : nacos registry, DEFAULT_GROUP ai-server 192.168.1.11:9005 register finished
2026-04-03T21:59:17.503+08:00  INFO 144332 --- [ai-server] [           main] com.jlm.ai.AiApplication                 : Started AiApplication in 5.563 seconds (process running for 6.145)
2026-04-03T21:59:17.507+08:00  INFO 144332 --- [ai-server] [           main] c.a.nacos.client.config.impl.CacheData   : config listener notify warn timeout millis use default 60000 millis 
2026-04-03T21:59:17.507+08:00  INFO 144332 --- [ai-server] [           main] c.a.nacos.client.config.impl.CacheData   : nacos.cache.data.init.snapshot = true 
2026-04-03T21:59:17.507+08:00  INFO 144332 --- [ai-server] [           main] c.a.n.client.config.impl.ClientWorker    : [fixed-dev-192.168.1.38_8848] [subscribe] ai-server.yml+DEFAULT_GROUP+dev
2026-04-03T21:59:17.513+08:00  INFO 144332 --- [ai-server] [           main] c.a.nacos.client.config.impl.CacheData   : [fixed-dev-192.168.1.38_8848] [add-listener] ok, tenant=dev, dataId=ai-server.yml, group=DEFAULT_GROUP, cnt=1
2026-04-03T21:59:17.513+08:00  INFO 144332 --- [ai-server] [           main] c.a.c.n.refresh.NacosContextRefresher    : [Nacos Config] Listening config: dataId=ai-server.yml, group=DEFAULT_GROUP
2026-04-03T21:59:17.514+08:00  INFO 144332 --- [ai-server] [           main] c.a.n.client.config.impl.ClientWorker    : [fixed-dev-192.168.1.38_8848] [subscribe] ai-server.yaml+DEFAULT_GROUP+dev
2026-04-03T21:59:17.514+08:00  INFO 144332 --- [ai-server] [           main] c.a.nacos.client.config.impl.CacheData   : [fixed-dev-192.168.1.38_8848] [add-listener] ok, tenant=dev, dataId=ai-server.yaml, group=DEFAULT_GROUP, cnt=1
2026-04-03T21:59:17.514+08:00  INFO 144332 --- [ai-server] [           main] c.a.c.n.refresh.NacosContextRefresher    : [Nacos Config] Listening config: dataId=ai-server.yaml, group=DEFAULT_GROUP
====== AI微服务启动成功 ======
2026-04-03T22:02:23.105+08:00  INFO 144332 --- [ai-server] [nio-9005-exec-1] o.a.c.c.C.[Tomcat].[localhost].[/]       : Initializing Spring DispatcherServlet 'dispatcherServlet'
2026-04-03T22:02:23.105+08:00  INFO 144332 --- [ai-server] [nio-9005-exec-1] o.s.web.servlet.DispatcherServlet        : Initializing Servlet 'dispatcherServlet'
2026-04-03T22:02:23.106+08:00  INFO 144332 --- [ai-server] [nio-9005-exec-1] o.s.web.servlet.DispatcherServlet        : Completed initialization in 1 ms
2026-04-03T22:02:23.146+08:00  WARN 144332 --- [ai-server] [nio-9005-exec-1] .w.s.m.s.DefaultHandlerExceptionResolver : Resolved [org.springframework.http.converter.HttpMessageNotReadableException: JSON parse error: Invalid UTF-8 middle byte 0xe2]
