
  .   ____          _            __ _ _
 /\\ / ___'_ __ _ _(_)_ __  __ _ \ \ \ \
( ( )\___ | '_ | '_| | '_ \/ _` | \ \ \ \
 \\/  ___)| |_)| | | | | || (_| |  ) ) ) )
  '  |____| .__|_| |_|_| |_\__, | / / / /
 =========|_|==============|___/=/_/_/_/
 :: Spring Boot ::                (v3.2.4)

2026-04-03T22:19:29.134+08:00  INFO 66488 --- [ai-server] [           main] com.jlm.ai.AiApplication                 : Starting AiApplication v25.0 using Java 21.0.10 with PID 66488 (D:\JLM\test1\ai-server\target\ai-server-25.0.jar started by HP in D:\JLM\test1\ai-server)
2026-04-03T22:19:29.135+08:00  INFO 66488 --- [ai-server] [           main] com.jlm.ai.AiApplication                 : No active profile set, falling back to 1 default profile: "default"
2026-04-03T22:19:29.177+08:00  WARN 66488 --- [ai-server] [           main] c.a.c.n.c.NacosConfigDataLoader          : [Nacos Config] config[dataId=ai-server.yaml, group=DEFAULT_GROUP] is empty
2026-04-03T22:19:29.177+08:00  WARN 66488 --- [ai-server] [           main] c.a.c.n.c.NacosConfigDataLoader          : [Nacos Config] config[dataId=ai-server.yml, group=DEFAULT_GROUP] is empty
2026-04-03T22:19:29.941+08:00  INFO 66488 --- [ai-server] [           main] .s.d.r.c.RepositoryConfigurationDelegate : Multiple Spring Data modules found, entering strict repository configuration mode
2026-04-03T22:19:29.945+08:00  INFO 66488 --- [ai-server] [           main] .s.d.r.c.RepositoryConfigurationDelegate : Bootstrapping Spring Data Redis repositories in DEFAULT mode.
2026-04-03T22:19:29.975+08:00  INFO 66488 --- [ai-server] [           main] .s.d.r.c.RepositoryConfigurationDelegate : Finished Spring Data repository scanning in 11 ms. Found 0 Redis repository interfaces.
2026-04-03T22:19:30.131+08:00  INFO 66488 --- [ai-server] [           main] o.s.cloud.context.scope.GenericScope     : BeanFactory id=7909ce0c-33a7-3402-b588-676fee606cf6
2026-04-03T22:19:30.408+08:00  INFO 66488 --- [ai-server] [           main] o.s.b.w.embedded.tomcat.TomcatWebServer  : Tomcat initialized with port 9005 (http)
2026-04-03T22:19:30.421+08:00  INFO 66488 --- [ai-server] [           main] o.apache.catalina.core.StandardService   : Starting service [Tomcat]
2026-04-03T22:19:30.421+08:00  INFO 66488 --- [ai-server] [           main] o.apache.catalina.core.StandardEngine    : Starting Servlet engine: [Apache Tomcat/10.1.19]
2026-04-03T22:19:30.464+08:00  INFO 66488 --- [ai-server] [           main] o.a.c.c.C.[Tomcat].[localhost].[/]       : Initializing Spring embedded WebApplicationContext
2026-04-03T22:19:30.465+08:00  INFO 66488 --- [ai-server] [           main] w.s.c.ServletWebServerApplicationContext : Root WebApplicationContext: initialization completed in 1287 ms
2026-04-03T22:19:32.119+08:00  INFO 66488 --- [ai-server] [           main] o.s.b.w.embedded.tomcat.TomcatWebServer  : Tomcat started on port 9005 (http) with context path ''
2026-04-03T22:19:32.130+08:00  INFO 66488 --- [ai-server] [           main] com.alibaba.nacos.client.naming          : initializer namespace from ans.namespace attribute : null
2026-04-03T22:19:32.131+08:00  INFO 66488 --- [ai-server] [           main] com.alibaba.nacos.client.naming          : initializer namespace from ALIBABA_ALIWARE_NAMESPACE attribute :null
2026-04-03T22:19:32.131+08:00  INFO 66488 --- [ai-server] [           main] com.alibaba.nacos.client.naming          : initializer namespace from namespace attribute :null
2026-04-03T22:19:32.138+08:00  INFO 66488 --- [ai-server] [           main] com.alibaba.nacos.client.naming          : FailoverDataSource type is class com.alibaba.nacos.client.naming.backups.datasource.DiskFailoverDataSource
2026-04-03T22:19:32.142+08:00  INFO 66488 --- [ai-server] [           main] c.a.n.p.a.s.c.ClientAuthPluginManager    : [ClientAuthPluginManager] Load ClientAuthService com.alibaba.nacos.client.auth.impl.NacosClientAuthServiceImpl success.
2026-04-03T22:19:32.142+08:00  INFO 66488 --- [ai-server] [           main] c.a.n.p.a.s.c.ClientAuthPluginManager    : [ClientAuthPluginManager] Load ClientAuthService com.alibaba.nacos.client.auth.ram.RamClientAuthServiceImpl success.
2026-04-03T22:19:32.147+08:00  INFO 66488 --- [ai-server] [           main] com.alibaba.nacos.common.remote.client   : [RpcClientFactory] create a new rpc client of 7accedbf-a59b-4ea9-a5a6-3e4aa6d8784b
2026-04-03T22:19:32.149+08:00  INFO 66488 --- [ai-server] [           main] com.alibaba.nacos.client.naming          : Create naming rpc client for uuid->7accedbf-a59b-4ea9-a5a6-3e4aa6d8784b
2026-04-03T22:19:32.149+08:00  INFO 66488 --- [ai-server] [           main] com.alibaba.nacos.common.remote.client   : [7accedbf-a59b-4ea9-a5a6-3e4aa6d8784b] RpcClient init, ServerListFactory = com.alibaba.nacos.client.naming.core.ServerListManager
2026-04-03T22:19:32.149+08:00  INFO 66488 --- [ai-server] [           main] com.alibaba.nacos.common.remote.client   : [7accedbf-a59b-4ea9-a5a6-3e4aa6d8784b] Registry connection listener to current client:com.alibaba.nacos.client.naming.remote.gprc.redo.NamingGrpcRedoService
2026-04-03T22:19:32.149+08:00  INFO 66488 --- [ai-server] [           main] com.alibaba.nacos.common.remote.client   : [7accedbf-a59b-4ea9-a5a6-3e4aa6d8784b] Register server push request handler:com.alibaba.nacos.client.naming.remote.gprc.NamingPushRequestHandler
2026-04-03T22:19:32.151+08:00  INFO 66488 --- [ai-server] [           main] com.alibaba.nacos.common.remote.client   : [7accedbf-a59b-4ea9-a5a6-3e4aa6d8784b] Try to connect to server on start up, server: {serverIp = '192.168.1.38', server main port = 8848}
2026-04-03T22:19:32.151+08:00  INFO 66488 --- [ai-server] [           main] c.a.n.c.remote.client.grpc.GrpcClient    : grpc client connection server:192.168.1.38 ip,serverPort:9848,grpcTslConfig:{"sslProvider":"","enableTls":false,"mutualAuthEnable":false,"trustAll":false}
2026-04-03T22:19:32.309+08:00  INFO 66488 --- [ai-server] [           main] com.alibaba.nacos.common.remote.client   : [7accedbf-a59b-4ea9-a5a6-3e4aa6d8784b] Success to connect to server [192.168.1.38:8848] on start up, connectionId = 1775225972594_192.168.1.11_63571
2026-04-03T22:19:32.311+08:00  INFO 66488 --- [ai-server] [           main] com.alibaba.nacos.common.remote.client   : [7accedbf-a59b-4ea9-a5a6-3e4aa6d8784b] Register server push request handler:com.alibaba.nacos.common.remote.client.RpcClient$ConnectResetRequestHandler
2026-04-03T22:19:32.311+08:00  INFO 66488 --- [ai-server] [           main] com.alibaba.nacos.common.remote.client   : [7accedbf-a59b-4ea9-a5a6-3e4aa6d8784b] Register server push request handler:com.alibaba.nacos.common.remote.client.RpcClient$$Lambda/0x0000023e35365ce8
2026-04-03T22:19:32.311+08:00  INFO 66488 --- [ai-server] [remote.worker.0] com.alibaba.nacos.common.remote.client   : [7accedbf-a59b-4ea9-a5a6-3e4aa6d8784b] Notify connected event to listeners.
2026-04-03T22:19:32.312+08:00  INFO 66488 --- [ai-server] [remote.worker.0] com.alibaba.nacos.client.naming          : Grpc connection connect
2026-04-03T22:19:32.316+08:00  INFO 66488 --- [ai-server] [           main] com.alibaba.nacos.client.naming          : [REGISTER-SERVICE] dev registering service ai-server with instance Instance{instanceId='null', ip='192.168.1.11', port=9005, weight=1.0, healthy=true, enabled=true, ephemeral=true, clusterName='DEFAULT', serviceName='null', metadata={IPv6=[240e:326:321:e486:c10d:4325:b8af:d029], preserved.register.source=SPRING_CLOUD}}
2026-04-03T22:19:32.568+08:00  INFO 66488 --- [ai-server] [           main] c.a.c.n.registry.NacosServiceRegistry    : nacos registry, DEFAULT_GROUP ai-server 192.168.1.11:9005 register finished
2026-04-03T22:19:32.597+08:00  INFO 66488 --- [ai-server] [           main] com.jlm.ai.AiApplication                 : Started AiApplication in 5.061 seconds (process running for 5.614)
2026-04-03T22:19:32.605+08:00  INFO 66488 --- [ai-server] [           main] c.a.nacos.client.config.impl.CacheData   : config listener notify warn timeout millis use default 60000 millis 
2026-04-03T22:19:32.605+08:00  INFO 66488 --- [ai-server] [           main] c.a.nacos.client.config.impl.CacheData   : nacos.cache.data.init.snapshot = true 
2026-04-03T22:19:32.605+08:00  INFO 66488 --- [ai-server] [           main] c.a.n.client.config.impl.ClientWorker    : [fixed-dev-192.168.1.38_8848] [subscribe] ai-server.yml+DEFAULT_GROUP+dev
2026-04-03T22:19:32.613+08:00  INFO 66488 --- [ai-server] [           main] c.a.nacos.client.config.impl.CacheData   : [fixed-dev-192.168.1.38_8848] [add-listener] ok, tenant=dev, dataId=ai-server.yml, group=DEFAULT_GROUP, cnt=1
2026-04-03T22:19:32.613+08:00  INFO 66488 --- [ai-server] [           main] c.a.c.n.refresh.NacosContextRefresher    : [Nacos Config] Listening config: dataId=ai-server.yml, group=DEFAULT_GROUP
2026-04-03T22:19:32.614+08:00  INFO 66488 --- [ai-server] [           main] c.a.n.client.config.impl.ClientWorker    : [fixed-dev-192.168.1.38_8848] [subscribe] ai-server.yaml+DEFAULT_GROUP+dev
2026-04-03T22:19:32.614+08:00  INFO 66488 --- [ai-server] [           main] c.a.nacos.client.config.impl.CacheData   : [fixed-dev-192.168.1.38_8848] [add-listener] ok, tenant=dev, dataId=ai-server.yaml, group=DEFAULT_GROUP, cnt=1
2026-04-03T22:19:32.614+08:00  INFO 66488 --- [ai-server] [           main] c.a.c.n.refresh.NacosContextRefresher    : [Nacos Config] Listening config: dataId=ai-server.yaml, group=DEFAULT_GROUP
====== AI微服务启动成功 ======
